// Jest Snapshot v1, https://goo.gl/fbAQLP

exports[`should render ContactPage component 1`] = `ShallowWrapper {}`;
