// Jest Snapshot v1, https://goo.gl/fbAQLP

exports[`CollectionsOverview should render CollectionsOverview component 1`] = `ShallowWrapper {}`;
